[rntrcheck.com/index.html]
[backblue.gif]
[fade.gif]
[index.html]
[rntrcheck.com/wp-content/uploads/premium-addons-elementor/pa-frontend-189f19119.min4f6a.css]
[rntrcheck.com/wp-content/plugins/complianz-gdpr/assets/css/cookieblocker.min567e.css]
[rntrcheck.com/wp-content/themes/hello-elementor/style.min9b70.css]
[rntrcheck.com/comments/feed/index.html]
[rntrcheck.com/feed/index.html]
[rntrcheck.com/wp-content/themes/hello-elementor/theme.min9b70.css]
[rntrcheck.com/wp-content/themes/hello-elementor/header-footer.min9b70.css]
[rntrcheck.com/wp-content/plugins/elementor/assets/css/frontend.min790a.css]
[rntrcheck.com/wp-content/uploads/elementor/css/post-6dff8.css]
[rntrcheck.com/wp-content/plugins/elementor/assets/css/widget-spacer.min790a.css]
[rntrcheck.com/wp-content/plugins/elementor/assets/css/widget-image.min790a.css]
[rntrcheck.com/wp-content/plugins/elementor/assets/css/widget-heading.min790a.css]
[rntrcheck.com/wp-content/plugins/elementor/assets/css/widget-icon-list.min790a.css]
[rntrcheck.com/wp-content/plugins/elementor/assets/lib/animations/styles/e-animation-shrink.min790a.css]
[rntrcheck.com/wp-content/plugins/elementor/assets/css/widget-social-icons.min790a.css]
[rntrcheck.com/wp-content/plugins/elementor/assets/css/conditionals/apple-webkit.min790a.css]
[rntrcheck.com/wp-content/plugins/elementor-pro/assets/css/widget-search-form.min790a.css]
[rntrcheck.com/wp-content/plugins/elementor/assets/css/widget-text-editor.min790a.css]
[rntrcheck.com/wp-content/plugins/elementor-pro/assets/css/conditionals/popup.min790a.css]
[rntrcheck.com/wp-content/plugins/elementor/assets/lib/animations/styles/fadeInDown.min790a.css]
[rntrcheck.com/wp-content/plugins/elementor/assets/lib/animations/styles/fadeIn.min790a.css]
[rntrcheck.com/wp-content/plugins/elementor/assets/lib/swiper/v8/css/swiper.min94a4.css]
[rntrcheck.com/wp-content/plugins/elementor/assets/css/conditionals/e-swiper.min790a.css]
[rntrcheck.com/wp-content/plugins/elementor-pro/assets/css/modules/motion-fx.min790a.css]
[rntrcheck.com/wp-content/plugins/elementor/assets/css/widget-divider.min790a.css]
[rntrcheck.com/wp-content/plugins/elementor-pro/assets/css/widget-lottie.min790a.css]
[rntrcheck.com/wp-content/plugins/elementor/assets/lib/animations/styles/fadeInUp.min790a.css]
[rntrcheck.com/wp-content/uploads/elementor/css/post-1778cc.css]
[rntrcheck.com/wp-content/uploads/elementor/css/post-5174548.css]
[rntrcheck.com/wp-content/uploads/elementor/css/post-5234548.css]
[rntrcheck.com/wp-content/uploads/elementor/css/post-8374548.css]
[rntrcheck.com/wp-includes/js/jquery/jquery.minf43b.js]
[rntrcheck.com/wp-includes/js/jquery/jquery-migrate.min5589.js]
[rntrcheck.com/wp-json/index.html]
[rntrcheck.com/wp-json/wp/v2/pages/17.json]
[rntrcheck.com/wp-json/oembed/1.0/embede6de.json]
[rntrcheck.com/wp-json/oembed/1.0/embed46f1]
[rntrcheck.com/wp-content/uploads/2024/04/cropped-Mesa-de-trabajo-1-copia-32x32.png]
[rntrcheck.com/wp-content/uploads/2024/04/cropped-Mesa-de-trabajo-1-copia-192x192.png]
[rntrcheck.com/wp-content/uploads/2024/04/cropped-Mesa-de-trabajo-1-copia-180x180.png]
[rntrcheck.com/wp-content/uploads/2024/04/Mesa-de-trabajo-1-copia.png]
[rntrcheck.com/wp-content/uploads/2024/04/Mesa-de-trabajo-1-1024x387.png]
[rntrcheck.com/wp-content/uploads/2024/04/rntrcX2.jpeg]
[rntrcheck.com/wp-content/uploads/2024/04/rntrcX10-1024x732.jpeg]
[rntrcheck.com/wp-content/uploads/2024/04/6107-1-1.jpg]
[rntrcheck.com/wp-content/uploads/2024/04/rntrcX10-1-1024x762.jpg]
[rntrcheck.com/use-cases/index.html]
[rntrcheck.com/services/index.html]
[rntrcheck.com/pricing/index.html]
[rntrcheck.com/wp-content/plugins/unlimited-elements-for-elementor-premium/assets_libraries/font-awesome6/fontawesome-all.min.css]
[rntrcheck.com/wp-content/plugins/unlimited-elements-for-elementor-premium/assets_libraries/font-awesome6/fontawesome-v4-shims.min.css]
[rntrcheck.com/wp-content/uploads/ac_assets/image_reveal_on_scroll/uc_image_reveal.css]
[rntrcheck.com/contact-us/index.html]
[rntrcheck.com/wp-content/uploads/2024/04/rntrcX7.jpeg]
[rntrcheck.com/wp-content/uploads/2024/04/rntrcX6-1024x682.jpeg]
[rntrcheck.com/wp-content/uploads/2024/04/RntrCheck2-.jpeg]
[rntrcheck.com/wp-content/uploads/2024/04/6107-1.jpeg]
[rntrcheck.com/wp-content/uploads/2024/04/rntr.jpeg]
[rntrcheck.com/wp-content/uploads/2024/04/rntr-services.jpeg]
[rntrcheck.com/wp-content/uploads/2024/04/2151011598.jpeg]
[rntrcheck.com/wp-content/plugins/unlimited-elements-for-elementor-premium/assets_libraries/owl-carousel-new/assets/owl.carousel.css]
[rntrcheck.com/wp-content/plugins/unlimited-elements-for-elementor-premium/assets_libraries/fancybox3/jquery.fancybox.min.css]
[rntrcheck.com/wp-content/uploads/2024/04/Income-Verification.jpeg]
[rntrcheck.com/wp-content/uploads/2024/04/Safety-and-Beyond.jpeg]
[rntrcheck.com/wp-content/uploads/2024/04/Developers.jpeg]
[rntrcheck.com/wp-content/uploads/2024/04/59357-1.jpeg]
[rntrcheck.com/wp-content/uploads/2024/04/2149383593-1.jpeg]
[rntrcheck.com/wp-content/uploads/2024/04/rntr-services-usa-799x1024.jpeg]
[rntrcheck.com/wp-content/uploads/2024/04/2150692309.jpeg]
[rntrcheck.com/wp-content/uploads/2024/04/Mesa-de-trabajo-1-copia-1024x388.png]
[rntrcheck.com/wp-content/uploads/elementor/css/post-6778479.css]
[rntrcheck.com/wp-content/plugins/elementor-pro/assets/css/widget-nav-menu.min790a.css]
[rntrcheck.com/tenant/index.html]
[rntrcheck.com/landlord/index.html]
[rntrcheck.com/property-managers/index.html]
[rntrcheck.com/wp-content/uploads/elementor/css/post-6704548.css]
[rntrcheck.com/faq/index.html]
[rntrcheck.com/wp-content/uploads/elementor/css/post-13064548.css]
[rntrcheck.com/blog/index.html]
[rntrcheck.com/privacy-policy/index.html]
[rntrcheck.com/terms-condition/index.html]
[rntrcheck.com/wp-content/uploads/elementor/css/post-13134548.css]
[rntrcheck.com/wp-content/uploads/elementor/css/post-13094548.css]
[rntrcheck.com/opt-out-preferences/index.html]
[rntrcheck.com/wp-content/uploads/elementor/css/post-7194548.css]
[rntrcheck.com/wp-content/plugins/elementor/assets/lib/animations/styles/tada.min790a.css]
[rntrcheck.com/wp-content/plugins/elementor-pro/assets/css/widget-form.min790a.css]
[rntrcheck.com/wp-content/plugins/elementor/assets/lib/animations/styles/zoomIn.min790a.css]
[rntrcheck.com/wp-content/uploads/elementor/css/post-9044548.css]
[rntrcheck.com/wp-content/plugins/elementor/assets/lib/animations/styles/slideInLeft.min790a.css]
[rntrcheck.com/wp-content/uploads/elementor/css/post-8584548.css]
[rntrcheck.com/wp-content/plugins/elementor/assets/lib/animations/styles/e-animation-grow-rotate.min790a.css]
[rntrcheck.com/wp-content/plugins/elementor/assets/css/widget-icon-box.min790a.css]
[rntrcheck.com/wp-content/plugins/elementor/assets/lib/animations/styles/slideInDown.min790a.css]
[rntrcheck.com/wp-content/uploads/premium-addons-elementor/pa-frontend-189f19119.min4f6a.js]
[rntrcheck.com/wp-content/plugins/sg-cachepress/assets/js/lazysizes.min2922.js]
[rntrcheck.com/wp-content/themes/hello-elementor/assets/js/hello-frontend.min9b70.js]
[rntrcheck.com/wp-content/plugins/premium-addons-for-elementor/assets/frontend/min-js/TweenMax.min563f.js]
[rntrcheck.com/wp-content/plugins/premium-addons-for-elementor/assets/frontend/min-js/scrollTrigger.min563f.js]
[rntrcheck.com/wp-content/plugins/premium-addons-for-elementor/assets/frontend/min-js/pa-gsap.min563f.js]
[rntrcheck.com/wp-content/plugins/premium-addons-for-elementor/assets/frontend/min-js/motionpath.min563f.js]
[rntrcheck.com/wp-content/plugins/elementor-pro/assets/lib/lottie/lottie.min3f90.js]
[rntrcheck.com/wp-content/plugins/complianz-gdpr/cookiebanner/js/complianz.min567e.js]
[rntrcheck.com/wp-content/plugins/elementor-pro/assets/lib/smartmenus/jquery.smartmenus.min1576.js]
[rntrcheck.com/wp-content/uploads/ac_assets/image_reveal_on_scroll/jquery.inview.minae41.js]
[rntrcheck.com/wp-content/plugins/unlimited-elements-for-elementor-premium/assets_libraries/owl-carousel-new/owl.carousel.minae41.js]
[rntrcheck.com/wp-content/plugins/unlimited-elements-for-elementor-premium/assets_libraries/fancybox3/jquery.fancybox.minae41.js]
[www.google.com/recaptcha/apic2ea.js]
[rntrcheck.com/wp-content/plugins/elementor-pro/assets/js/webpack-pro.runtime.min790a.js]
[rntrcheck.com/wp-content/plugins/elementor/assets/js/webpack.runtime.min790a.js]
[rntrcheck.com/wp-content/plugins/elementor/assets/js/frontend-modules.min790a.js]
[rntrcheck.com/wp-includes/js/dist/hooks.min4fdd.js]
[rntrcheck.com/wp-includes/js/dist/i18n.minc33c.js]
[rntrcheck.com/wp-content/plugins/elementor-pro/assets/js/frontend.min790a.js]
[rntrcheck.com/wp-includes/js/jquery/ui/core.minb37e.js]
[rntrcheck.com/wp-content/plugins/elementor/assets/js/frontend.min790a.js]
[rntrcheck.com/index.html]
[rntrcheck.com/wp-content/uploads/premium-addons-elementor/pa-frontend-189f19119.min4f6a.css]
[rntrcheck.com/wp-content/plugins/complianz-gdpr/assets/css/cookieblocker.min567e.css]
[rntrcheck.com/wp-content/themes/hello-elementor/style.min9b70.css]
[rntrcheck.com/wp-content/themes/hello-elementor/theme.min9b70.css]
[rntrcheck.com/wp-content/themes/hello-elementor/header-footer.min9b70.css]
[rntrcheck.com/wp-content/plugins/elementor/assets/css/frontend.min790a.css]
[rntrcheck.com/wp-content/plugins/elementor-pro/assets/js/elements-handlers.min790a.js]
[rntrcheck.com/wp-content/uploads/2024/04/abc-diatype-light.ttf]
[rntrcheck.com/wp-content/uploads/elementor/css/post-6dff8.css]
[rntrcheck.com/wp-content/plugins/elementor/assets/css/widget-spacer.min790a.css]
[rntrcheck.com/wp-content/plugins/elementor/assets/css/widget-image.min790a.css]
[rntrcheck.com/wp-content/plugins/elementor/assets/css/widget-heading.min790a.css]
[rntrcheck.com/wp-content/plugins/elementor/assets/css/widget-icon-list.min790a.css]
[rntrcheck.com/wp-content/plugins/elementor/assets/lib/animations/styles/e-animation-shrink.min790a.css]
[rntrcheck.com/wp-content/plugins/elementor/assets/css/widget-social-icons.min790a.css]
[rntrcheck.com/wp-content/plugins/elementor/assets/css/conditionals/apple-webkit.min790a.css]
[rntrcheck.com/wp-content/plugins/elementor-pro/assets/css/widget-search-form.min790a.css]
[rntrcheck.com/wp-content/plugins/elementor/assets/css/widget-text-editor.min790a.css]
[rntrcheck.com/wp-content/plugins/elementor-pro/assets/css/conditionals/popup.min790a.css]
[rntrcheck.com/wp-content/plugins/elementor/assets/lib/animations/styles/fadeInDown.min790a.css]
[rntrcheck.com/wp-content/plugins/elementor/assets/lib/animations/styles/fadeIn.min790a.css]
[rntrcheck.com/wp-content/plugins/elementor/assets/lib/swiper/v8/css/swiper.min94a4.css]
[rntrcheck.com/wp-content/plugins/elementor/assets/css/conditionals/e-swiper.min790a.css]
[rntrcheck.com/wp-content/plugins/elementor-pro/assets/css/modules/motion-fx.min790a.css]
[rntrcheck.com/wp-content/plugins/elementor/assets/css/widget-divider.min790a.css]
[rntrcheck.com/wp-content/plugins/elementor-pro/assets/css/widget-lottie.min790a.css]
[rntrcheck.com/wp-content/plugins/elementor/assets/lib/animations/styles/fadeInUp.min790a.css]
[rntrcheck.com/wp-content/uploads/elementor/css/post-1778cc.css]
[rntrcheck.com/wp-content/uploads/elementor/css/post-5174548.css]
[rntrcheck.com/wp-content/uploads/elementor/css/post-5234548.css]
[rntrcheck.com/wp-content/uploads/elementor/css/post-8374548.css]
[rntrcheck.com/wp-content/uploads/2024/04/abc-diatype-bold.ttf]
[rntrcheck.com/wp-content/plugins/premium-addons-for-elementor/assets/frontend/min-css/premium-addons.min563f.css]
[rntrcheck.com/wp-content/plugins/premium-addons-pro/assets/frontend/min-css/premium-addons.min7920.css]
[rntrcheck.com/wp-content/uploads/elementor/css/post-18f30a.css]
[rntrcheck.com/wp-json/wp/v2/pages/18.json]
[rntrcheck.com/wp-json/oembed/1.0/embedd4a2.json]
[rntrcheck.com/wp-json/oembed/1.0/embedce6a]
[rntrcheck.com/wp-content/uploads/2024/04/rntrcX3-1024x682.jpg]
[rntrcheck.com/wp-content/uploads/premium-addons-elementor/pa-frontend-843a683b4.minb149.js]
[rntrcheck.com/use-cases/index.html]
[rntrcheck.com/wp-content/plugins/premium-addons-for-elementor/assets/frontend/min-js/premium-addons.min563f.js]
[rntrcheck.com/wp-content/uploads/elementor/css/post-198dd5.css]
[rntrcheck.com/wp-json/wp/v2/pages/19.json]
[rntrcheck.com/wp-json/oembed/1.0/embedc990.json]
[rntrcheck.com/wp-json/oembed/1.0/embed25e6]
[rntrcheck.com/services/index.html]
[rntrcheck.com/wp-content/uploads/ac_assets/uc_icon_accordion/icon_accordionae41.js]
[rntrcheck.com/wp-content/uploads/elementor/css/post-20dc0f.css]
[rntrcheck.com/wp-json/wp/v2/pages/20.json]
[rntrcheck.com/wp-json/oembed/1.0/embed1b6a.json]
[rntrcheck.com/wp-json/oembed/1.0/embedb787]
[rntrcheck.com/wp-content/uploads/2024/04/princing-RntrX.jpg]
[rntrcheck.com/pricing/index.html]
[rntrcheck.com/wp-content/plugins/unlimited-elements-for-elementor-premium/assets_libraries/font-awesome6/fa-brands-400.woff2]
[rntrcheck.com/wp-content/plugins/unlimited-elements-for-elementor-premium/assets_libraries/font-awesome6/fa-regular-400.woff2]
[rntrcheck.com/wp-content/plugins/unlimited-elements-for-elementor-premium/assets_libraries/font-awesome6/fa-brands-400.ttf]
[rntrcheck.com/wp-content/plugins/unlimited-elements-for-elementor-premium/assets_libraries/font-awesome6/fa-regular-400.ttf]
[rntrcheck.com/wp-content/plugins/unlimited-elements-for-elementor-premium/assets_libraries/font-awesome6/fa-solid-900.woff2]
[rntrcheck.com/wp-content/plugins/unlimited-elements-for-elementor-premium/assets_libraries/font-awesome6/fa-solid-900.ttf]
[rntrcheck.com/wp-content/plugins/unlimited-elements-for-elementor-premium/assets_libraries/font-awesome6/fa-v4compatibility.woff2]
[rntrcheck.com/wp-content/plugins/unlimited-elements-for-elementor-premium/assets_libraries/font-awesome6/fontawesome-all.min.css]
[rntrcheck.com/wp-content/plugins/unlimited-elements-for-elementor-premium/assets_libraries/font-awesome6/fontawesome-v4-shims.min.css]
[rntrcheck.com/wp-content/plugins/unlimited-elements-for-elementor-premium/assets_libraries/font-awesome6/fa-v4compatibility.ttf]
[rntrcheck.com/wp-content/uploads/elementor/css/post-728ad85.css]
[rntrcheck.com/wp-json/wp/v2/pages/728.json]
[rntrcheck.com/wp-json/oembed/1.0/embed1db9.json]
[rntrcheck.com/contact-us/index.html]
[rntrcheck.com/wp-content/uploads/ac_assets/image_reveal_on_scroll/uc_image_reveal.css]
[rntrcheck.com/wp-json/oembed/1.0/embed63bf]
[rntrcheck.com/wp-content/plugins/unlimited-elements-for-elementor-premium/assets_libraries/owl-carousel-new/assets/owl.carousel.css]
[rntrcheck.com/wp-content/plugins/unlimited-elements-for-elementor-premium/assets_libraries/fancybox3/jquery.fancybox.min.css]
[rntrcheck.com/wp-content/uploads/elementor/css/post-10112d2a.css]
[rntrcheck.com/wp-json/wp/v2/pages/1011.json]
[rntrcheck.com/wp-json/oembed/1.0/embed23c1.json]
[rntrcheck.com/wp-json/oembed/1.0/embed3574]
[rntrcheck.com/wp-content/uploads/2024/05/Tenants-1-1024x683.jpg]
[rntrcheck.com/wp-content/uploads/2024/05/1460-1-1.jpg]
[rntrcheck.com/tenant/index.html]
[rntrcheck.com/wp-content/uploads/premium-addons-elementor/pa-frontend-ae230d3e1.min96aa.js]
[rntrcheck.com/wp-content/uploads/elementor/css/post-10357ac2.css]
[rntrcheck.com/wp-json/wp/v2/pages/1035.json]
[rntrcheck.com/wp-json/oembed/1.0/embed89a8.json]
[rntrcheck.com/wp-json/oembed/1.0/embedf5a0]
[rntrcheck.com/wp-content/uploads/2024/06/Landlord-rntr1-1.jpg]
[rntrcheck.com/wp-content/uploads/2024/06/Landlord-rntr2-1.jpg]
[rntrcheck.com/landlord/index.html]
[rntrcheck.com/wp-content/uploads/premium-addons-elementor/pa-frontend-853a7a9f7.min96aa.js]
[rntrcheck.com/wp-content/uploads/elementor/css/post-10371864.css]
[rntrcheck.com/wp-json/wp/v2/pages/1037.json]
[rntrcheck.com/wp-json/oembed/1.0/embed8ea0.json]
[rntrcheck.com/wp-json/oembed/1.0/embed5360]
[rntrcheck.com/wp-content/uploads/2024/06/Property-Management2-1024x683.jpg]
[rntrcheck.com/wp-content/uploads/2024/06/Property-Management1.jpg]
[rntrcheck.com/property-managers/index.html]
[rntrcheck.com/wp-content/uploads/premium-addons-elementor/pa-frontend-0ea1f1bbe.min335a.js]
[rntrcheck.com/wp-content/uploads/elementor/css/post-21fab8.css]
[rntrcheck.com/wp-json/wp/v2/pages/21.json]
[rntrcheck.com/wp-json/oembed/1.0/embed629a.json]
[rntrcheck.com/faq/index.html]
[rntrcheck.com/wp-json/oembed/1.0/embedee13]
[rntrcheck.com/wp-includes/css/dist/block-library/style.mind1c0.css]
[rntrcheck.com/wp-content/plugins/elementor-pro/assets/css/widget-posts.min790a.css]
[rntrcheck.com/wp-content/uploads/elementor/css/post-925526c.css]
[rntrcheck.com/wp-content/uploads/2024/05/46252-1.jpg]
[rntrcheck.com/blog/index.html]
[rntrcheck.com/wp-includes/js/imagesloaded.minbb93.js]
[rntrcheck.com/2024/05/01/securing-rental-properties-the-evolution-of-technology-in-property-management/index.html]
[rntrcheck.com/wp-content/uploads/elementor/css/post-890f711.css]
[rntrcheck.com/privacy-policy/feed/index.html]
[rntrcheck.com/2024/05/01/securing-tomorrows-rentals-the-intersection-of-security-technology-and-innovation-in-rental-services/index.html]
[rntrcheck.com/wp-json/wp/v2/pages/3.json]
[rntrcheck.com/wp-json/oembed/1.0/embed58ab.json]
[rntrcheck.com/privacy-policy/index.html]
[rntrcheck.com/wp-json/oembed/1.0/embed9feb]
[rntrcheck.com/wp-json/wp/v2/pages/895.json]
[rntrcheck.com/wp-json/oembed/1.0/embed9452.json]
[rntrcheck.com/terms-condition/index.html]
[rntrcheck.com/wp-json/oembed/1.0/embed0500]
[rntrcheck.com/wp-content/plugins/complianz-gdpr/assets/css/document.min567e.css]
[rntrcheck.com/wp-json/wp/v2/pages/887.json]
[rntrcheck.com/wp-json/oembed/1.0/embed648e.json]
[rntrcheck.com/wp-json/oembed/1.0/embedd707]
[rntrcheck.com/opt-out-preferences/index.html]
[rntrcheck.com/wp-content/uploads/elementor/css/post-6778479.css]
[rntrcheck.com/wp-content/plugins/elementor-pro/assets/css/widget-nav-menu.min790a.css]
[rntrcheck.com/wp-content/uploads/elementor/css/post-6704548.css]
[rntrcheck.com/wp-content/uploads/elementor/css/post-13064548.css]
[rntrcheck.com/wp-content/uploads/elementor/css/post-13134548.css]
[rntrcheck.com/wp-content/uploads/elementor/css/post-13094548.css]
[rntrcheck.com/wp-content/uploads/elementor/css/post-7194548.css]
[rntrcheck.com/wp-content/plugins/elementor/assets/lib/animations/styles/tada.min790a.css]
[rntrcheck.com/wp-content/plugins/elementor-pro/assets/css/widget-form.min790a.css]
[rntrcheck.com/wp-content/plugins/elementor/assets/lib/animations/styles/zoomIn.min790a.css]
[rntrcheck.com/wp-content/plugins/complianz-gdpr/DNSMPD/script.min567e.js]
[rntrcheck.com/wp-content/uploads/2024/05/2149661469-1.jpg]
[rntrcheck.com/wp-content/uploads/elementor/css/post-9044548.css]
[rntrcheck.com/wp-content/plugins/elementor/assets/lib/animations/styles/slideInLeft.min790a.css]
[rntrcheck.com/wp-content/uploads/elementor/css/post-8584548.css]
[rntrcheck.com/wp-content/plugins/elementor/assets/lib/animations/styles/e-animation-grow-rotate.min790a.css]
[rntrcheck.com/wp-content/plugins/elementor/assets/css/widget-icon-box.min790a.css]
[rntrcheck.com/wp-content/plugins/elementor/assets/lib/animations/styles/slideInDown.min790a.css]
[rntrcheck.com/wp-content/plugins/premium-addons-for-elementor/assets/frontend/min-css/premium-addons.min563f.css]
[rntrcheck.com/wp-content/plugins/premium-addons-pro/assets/frontend/min-css/premium-addons.min7920.css]
[rntrcheck.com/wp-content/uploads/elementor/css/post-18f30a.css]
[rntrcheck.com/index0735.html]
[rntrcheck.com/wp-content/uploads/elementor/css/post-198dd5.css]
[rntrcheck.com/index5831.html]
[rntrcheck.com/wp-content/uploads/elementor/css/post-20dc0f.css]
[rntrcheck.com/index341b.html]
[rntrcheck.com/wp-content/uploads/elementor/css/post-728ad85.css]
[rntrcheck.com/index9848.html]
[rntrcheck.com/wp-content/uploads/elementor/css/post-10112d2a.css]
[rntrcheck.com/index3388.html]
[rntrcheck.com/wp-content/uploads/elementor/css/post-10357ac2.css]
[rntrcheck.com/index7849.html]
[rntrcheck.com/wp-content/uploads/elementor/css/post-10371864.css]
[rntrcheck.com/indexea31.html]
[rntrcheck.com/wp-content/uploads/elementor/css/post-21fab8.css]
[rntrcheck.com/index3965.html]
[rntrcheck.com/wp-includes/css/dist/block-library/style.mind1c0.css]
[rntrcheck.com/wp-content/plugins/elementor-pro/assets/css/widget-posts.min790a.css]
[rntrcheck.com/wp-content/uploads/elementor/css/post-925526c.css]
[rntrcheck.com/wp-content/plugins/elementor-pro/assets/css/widget-post-info.min790a.css]
[rntrcheck.com/wp-content/plugins/elementor-pro/assets/css/widget-share-buttons.min790a.css]
[rntrcheck.com/2024/05/01/securing-rental-properties-the-evolution-of-technology-in-property-management/feed/index.html]
[rntrcheck.com/wp-content/uploads/elementor/css/post-943a114.css]
[rntrcheck.com/wp-json/wp/v2/posts/930.json]
[rntrcheck.com/wp-json/oembed/1.0/embedfd10.json]
[rntrcheck.com/2024/05/01/securing-rental-properties-the-evolution-of-technology-in-property-management/index.html]
[rntrcheck.com/wp-json/oembed/1.0/embedd6d7]
[rntrcheck.com/wp-json/wp/v2/posts/928.json]
[rntrcheck.com/2024/05/01/securing-tomorrows-rentals-the-intersection-of-security-technology-and-innovation-in-rental-services/feed/index.html]
[rntrcheck.com/wp-json/oembed/1.0/embed73f3.json]
[rntrcheck.com/2024/05/01/securing-tomorrows-rentals-the-intersection-of-security-technology-and-innovation-in-rental-services/index.html]
[rntrcheck.com/wp-content/uploads/elementor/css/post-890f711.css]
[rntrcheck.com/index2207.html]
[rntrcheck.com/index12e9.html]
[rntrcheck.com/wp-json/oembed/1.0/embed3311]
[rntrcheck.com/wp-content/plugins/complianz-gdpr/assets/css/document.min567e.css]
[rntrcheck.com/index8eb0.html]
[rntrcheck.com/xmlrpc0db0.php]
[rntrcheck.com/wp-content/plugins/elementor-pro/assets/css/widget-post-info.min790a.css]
[rntrcheck.com/wp-content/plugins/elementor-pro/assets/css/widget-share-buttons.min790a.css]
[rntrcheck.com/wp-content/uploads/elementor/css/post-943a114.css]
[rntrcheck.com/index3177.html]
[rntrcheck.com/indexf065.html]
[rntrcheck.com/wp-content/plugins/complianz-gdpr/assets/images/chevron-down.svg]
[rntrcheck.com/wp-content/plugins/complianz-gdpr/assets/images/chevron-down.svg]
